// Jest Snapshot v1, https://goo.gl/fbAQLP

exports[`Snapshot for useLaunchDarkly renders Snapshot without issues 1`] = `
Object {
  "current": Object {
    "apiData": Object {},
    "isLoading": true,
  },
}
`;
